Reading config from: test_config.py
XtreemFS base dir  : /home/robert/workspace/xtreemfs/tests/..
Test dir           : /tmp/xtreemfs_testenv/
Debug level        : 6
Executing test set : travis-contrib
xtestenv: Starting test environment for the following configuration...
Active System Tests:
  "hadoop adapter junit tests"
Active Volume Tests:

Active VolumeConfig:
xtestenv: Number of OSDs for this test set:  1
xtestenv: Creating directories...
xtestenv: Searching for a free port range...
xtestenv: DIR port : 32638
xtestenv: MRC port : 32636
xtestenv: OSD ports: 32640
xtestenv: Starting services...
xtestenv: started DIR server with UUID test-dir on port 32638 with pid 2906
xtestenv: started MRC server with UUID test-mrc on port 32636 with pid 2921
xtestenv: started OSD server with UUID test-osd0 on port 32640 with pid 2945
xtestenv: All services ready. Creating and mounting volumes...
xtestenv: All volumes mounted.

Starting system tests...
xtestenv: Executing system test 'hadoop adapter junit tests' ... 
ok ( 698 s)
System tests complete.

Starting volume tests...
Volume tests complete.

xtestenv: Shutting down test environment.
xtestenv: Unmounting volumes...
xtestenv: All volumes unmounted.
xtestenv: Stopping services...
xtestenv: stopping OSD server with pid 2945 with signal 15, try 0
xtestenv: stopping MRC server with pid 2921 with signal 15, try 0
xtestenv: stopping DIR server with pid 2906 with signal 15, try 0
xtestenv: All services stopped.
SUCCESS.
